// Jest Snapshot v1, https://goo.gl/fbAQLP

exports[`Footer renders properly 1`] = `
ShallowWrapper {
  Symbol(enzyme.__root__): [Circular],
  Symbol(enzyme.__unrendered__): <Footer />,
  Symbol(enzyme.__renderer__): Object {
    "batchedUpdates": [Function],
    "checkPropTypes": [Function],
    "getNode": [Function],
    "render": [Function],
    "simulateError": [Function],
    "simulateEvent": [Function],
    "unmount": [Function],
  },
  Symbol(enzyme.__node__): Object {
    "instance": null,
    "key": undefined,
    "nodeType": "host",
    "props": Object {
      "children": <span
        className="navbar-brand mb-0 h1 mx-auto"
      >
        Unofficial New York Times Website
      </span>,
      "className": "navbar navbar-expand-lg navbar-light bg-light mb-5",
    },
    "ref": null,
    "rendered": Object {
      "instance": null,
      "key": undefined,
      "nodeType": "host",
      "props": Object {
        "children": "Unofficial New York Times Website",
        "className": "navbar-brand mb-0 h1 mx-auto",
      },
      "ref": null,
      "rendered": "Unofficial New York Times Website",
      "type": "span",
    },
    "type": "nav",
  },
  Symbol(enzyme.__nodes__): Array [
    Object {
      "instance": null,
      "key": undefined,
      "nodeType": "host",
      "props": Object {
        "children": <span
          className="navbar-brand mb-0 h1 mx-auto"
        >
          Unofficial New York Times Website
        </span>,
        "className": "navbar navbar-expand-lg navbar-light bg-light mb-5",
      },
      "ref": null,
      "rendered": Object {
        "instance": null,
        "key": undefined,
        "nodeType": "host",
        "props": Object {
          "children": "Unofficial New York Times Website",
          "className": "navbar-brand mb-0 h1 mx-auto",
        },
        "ref": null,
        "rendered": "Unofficial New York Times Website",
        "type": "span",
      },
      "type": "nav",
    },
  ],
  Symbol(enzyme.__options__): Object {
    "adapter": ReactSixteenAdapter {
      "options": Object {
        "enableComponentDidUpdateOnSetState": true,
        "legacyContextMode": "parent",
        "lifecycles": Object {
          "componentDidUpdate": Object {
            "onSetState": true,
          },
          "getChildContext": Object {
            "calledByRenderer": false,
          },
          "getDerivedStateFromProps": Object {
            "hasShouldComponentUpdateBug": true,
          },
          "getSnapshotBeforeUpdate": true,
          "setState": Object {
            "skipsComponentDidUpdateOnNullish": true,
          },
        },
      },
    },
  },
}
`;
