// Jest Snapshot v1, https://goo.gl/fbAQLP

exports[`WorldSection renders properly 1`] = `
ShallowWrapper {
  Symbol(enzyme.__root__): [Circular],
  Symbol(enzyme.__unrendered__): <WorldSection />,
  Symbol(enzyme.__renderer__): Object {
    "batchedUpdates": [Function],
    "checkPropTypes": [Function],
    "getNode": [Function],
    "render": [Function],
    "simulateError": [Function],
    "simulateEvent": [Function],
    "unmount": [Function],
  },
  Symbol(enzyme.__node__): Object {
    "instance": null,
    "key": undefined,
    "nodeType": "function",
    "props": Object {
      "centered": true,
      "children": <GridColumn
        computer={10}
        largeScreen={8}
        mobile={14}
        tablet={12}
        widescreen={6}
      >
        <PaginationComponent
          currentPage={1}
          itemsCount={0}
          onPageChange={[Function]}
          pageSize={4}
        />
      </GridColumn>,
    },
    "ref": null,
    "rendered": Object {
      "instance": null,
      "key": undefined,
      "nodeType": "function",
      "props": Object {
        "children": Array [
          Array [],
          <PaginationComponent
            currentPage={1}
            itemsCount={0}
            onPageChange={[Function]}
            pageSize={4}
          />,
        ],
        "computer": 10,
        "largeScreen": 8,
        "mobile": 14,
        "tablet": 12,
        "widescreen": 6,
      },
      "ref": null,
      "rendered": Array [
        Object {
          "instance": null,
          "key": undefined,
          "nodeType": "function",
          "props": Object {
            "currentPage": 1,
            "itemsCount": 0,
            "onPageChange": [Function],
            "pageSize": 4,
          },
          "ref": null,
          "rendered": null,
          "type": [Function],
        },
      ],
      "type": [Function],
    },
    "type": [Function],
  },
  Symbol(enzyme.__nodes__): Array [
    Object {
      "instance": null,
      "key": undefined,
      "nodeType": "function",
      "props": Object {
        "centered": true,
        "children": <GridColumn
          computer={10}
          largeScreen={8}
          mobile={14}
          tablet={12}
          widescreen={6}
        >
          <PaginationComponent
            currentPage={1}
            itemsCount={0}
            onPageChange={[Function]}
            pageSize={4}
          />
        </GridColumn>,
      },
      "ref": null,
      "rendered": Object {
        "instance": null,
        "key": undefined,
        "nodeType": "function",
        "props": Object {
          "children": Array [
            Array [],
            <PaginationComponent
              currentPage={1}
              itemsCount={0}
              onPageChange={[Function]}
              pageSize={4}
            />,
          ],
          "computer": 10,
          "largeScreen": 8,
          "mobile": 14,
          "tablet": 12,
          "widescreen": 6,
        },
        "ref": null,
        "rendered": Array [
          Object {
            "instance": null,
            "key": undefined,
            "nodeType": "function",
            "props": Object {
              "currentPage": 1,
              "itemsCount": 0,
              "onPageChange": [Function],
              "pageSize": 4,
            },
            "ref": null,
            "rendered": null,
            "type": [Function],
          },
        ],
        "type": [Function],
      },
      "type": [Function],
    },
  ],
  Symbol(enzyme.__options__): Object {
    "adapter": ReactSixteenAdapter {
      "options": Object {
        "enableComponentDidUpdateOnSetState": true,
        "legacyContextMode": "parent",
        "lifecycles": Object {
          "componentDidUpdate": Object {
            "onSetState": true,
          },
          "getChildContext": Object {
            "calledByRenderer": false,
          },
          "getDerivedStateFromProps": Object {
            "hasShouldComponentUpdateBug": true,
          },
          "getSnapshotBeforeUpdate": true,
          "setState": Object {
            "skipsComponentDidUpdateOnNullish": true,
          },
        },
      },
    },
  },
  Symbol(enzyme.__childContext__): null,
}
`;
